<testsuites id="" name="" tests="81" failures="0" skipped="0" errors="0" time="179.621339">
<testsuite name="cart.test.spec.js" timestamp="2024-12-09T08:48:56.296Z" hostname="webkit" tests="3" failures="0" skipped="0" time="12.091" errors="0">
<testcase name="Swag Labs Cart Validations › Add single product to cart" classname="cart.test.spec.js" time="3.363">
<system-out>
<![CDATA[
[[ATTACHMENT|test-results\cart.test-Swag-Labs-Cart-V-99fe8--Add-single-product-to-cart-webkit\test-finished-1.png]]
]]>
</system-out>
</testcase>
<testcase name="Swag Labs Cart Validations › Remove single product from cart" classname="cart.test.spec.js" time="3.31">
<system-out>
<![CDATA[
[[ATTACHMENT|test-results\cart.test-Swag-Labs-Cart-V-1a2a2-ve-single-product-from-cart-webkit\test-finished-1.png]]
]]>
</system-out>
</testcase>
<testcase name="Swag Labs Cart Validations › Add all products to cart and verify total items in cart page" classname="cart.test.spec.js" time="5.418">
<system-out>
<![CDATA[locator('.cart_item')

[[ATTACHMENT|test-results\cart.test-Swag-Labs-Cart-V-6342e-fy-total-items-in-cart-page-webkit\test-finished-1.png]]
]]>
</system-out>
</testcase>
</testsuite>
<testsuite name="checkout.test.spec.js" timestamp="2024-12-09T08:48:56.296Z" hostname="webkit" tests="6" failures="0" skipped="0" time="29.843" errors="0">
<testcase name="Swag Labs Checkout Product Validations › Checkout product end to end validations for Sauce Labs Backpack item" classname="checkout.test.spec.js" time="4.859">
<system-out>
<![CDATA[
[[ATTACHMENT|test-results\checkout.test-Swag-Labs-Ch-12aea-or-Sauce-Labs-Backpack-item-webkit\test-finished-1.png]]
]]>
</system-out>
</testcase>
<testcase name="Swag Labs Checkout Product Validations › Checkout product end to end validations for Sauce Labs Bike Light item" classname="checkout.test.spec.js" time="4.088">
<system-out>
<![CDATA[
[[ATTACHMENT|test-results\checkout.test-Swag-Labs-Ch-9346c--Sauce-Labs-Bike-Light-item-webkit\test-finished-1.png]]
]]>
</system-out>
</testcase>
<testcase name="Swag Labs Checkout Product Validations › Checkout product end to end validations for Sauce Labs Bolt T-Shirt item" classname="checkout.test.spec.js" time="4.602">
<system-out>
<![CDATA[
[[ATTACHMENT|test-results\checkout.test-Swag-Labs-Ch-f4aa6-auce-Labs-Bolt-T-Shirt-item-webkit\test-finished-1.png]]
]]>
</system-out>
</testcase>
<testcase name="Swag Labs Checkout Product Validations › Checkout product end to end validations for Sauce Labs Fleece Jacket item" classname="checkout.test.spec.js" time="5.442">
<system-out>
<![CDATA[
[[ATTACHMENT|test-results\checkout.test-Swag-Labs-Ch-b10e4-uce-Labs-Fleece-Jacket-item-webkit\test-finished-1.png]]
]]>
</system-out>
</testcase>
<testcase name="Swag Labs Checkout Product Validations › Checkout product end to end validations for Sauce Labs Onesie item" classname="checkout.test.spec.js" time="5.066">
<system-out>
<![CDATA[
[[ATTACHMENT|test-results\checkout.test-Swag-Labs-Ch-bbe0a--for-Sauce-Labs-Onesie-item-webkit\test-finished-1.png]]
]]>
</system-out>
</testcase>
<testcase name="Swag Labs Checkout Product Validations › Checkout product end to end validations for Test.allTheThings() T-Shirt (Red) item" classname="checkout.test.spec.js" time="5.786">
<system-out>
<![CDATA[
[[ATTACHMENT|test-results\checkout.test-Swag-Labs-Ch-d0e56-lTheThings-T-Shirt-Red-item-webkit\test-finished-1.png]]
]]>
</system-out>
</testcase>
</testsuite>
<testsuite name="login.test.spec.js" timestamp="2024-12-09T08:48:56.296Z" hostname="webkit" tests="11" failures="0" skipped="0" time="30.269" errors="0">
<testcase name="Swag Labs Login Validations › Valid Login 1" classname="login.test.spec.js" time="5.745">
<system-out>
<![CDATA[
[[ATTACHMENT|test-results\login.test-Swag-Labs-Login-Validations-Valid-Login-1-webkit\test-finished-1.png]]
]]>
</system-out>
</testcase>
<testcase name="Swag Labs Login Validations › Valid Login 2" classname="login.test.spec.js" time="2.896">
<system-out>
<![CDATA[
[[ATTACHMENT|test-results\login.test-Swag-Labs-Login-Validations-Valid-Login-2-webkit\test-finished-1.png]]
]]>
</system-out>
</testcase>
<testcase name="Swag Labs Login Validations › Invalid credentials login 1" classname="login.test.spec.js" time="2.835">
<system-out>
<![CDATA[Epic sadface: Username and password do not match any user in this service

[[ATTACHMENT|test-results\login.test-Swag-Labs-Login-e3f0f-Invalid-credentials-login-1-webkit\test-finished-1.png]]
]]>
</system-out>
</testcase>
<testcase name="Swag Labs Login Validations › Empty username Login 1" classname="login.test.spec.js" time="2.429">
<system-out>
<![CDATA[Epic sadface: Username is required

[[ATTACHMENT|test-results\login.test-Swag-Labs-Login-b0fa8-ions-Empty-username-Login-1-webkit\test-finished-1.png]]
]]>
</system-out>
</testcase>
<testcase name="Swag Labs Login Validations › Empty password Login 1" classname="login.test.spec.js" time="2.672">
<system-out>
<![CDATA[Epic sadface: Password is required

[[ATTACHMENT|test-results\login.test-Swag-Labs-Login-caca8-ions-Empty-password-Login-1-webkit\test-finished-1.png]]
]]>
</system-out>
</testcase>
<testcase name="Swag Labs Login Validations › Invalid credentials login 2" classname="login.test.spec.js" time="2.189">
<system-out>
<![CDATA[Epic sadface: Username and password do not match any user in this service

[[ATTACHMENT|test-results\login.test-Swag-Labs-Login-d0f58-Invalid-credentials-login-2-webkit\test-finished-1.png]]
]]>
</system-out>
</testcase>
<testcase name="Swag Labs Login Validations › Empty username Login 2" classname="login.test.spec.js" time="2.28">
<system-out>
<![CDATA[Epic sadface: Username is required

[[ATTACHMENT|test-results\login.test-Swag-Labs-Login-1c632-ions-Empty-username-Login-2-webkit\test-finished-1.png]]
]]>
</system-out>
</testcase>
<testcase name="Swag Labs Login Validations › Empty password Login 2" classname="login.test.spec.js" time="2.135">
<system-out>
<![CDATA[Epic sadface: Password is required

[[ATTACHMENT|test-results\login.test-Swag-Labs-Login-b03de-ions-Empty-password-Login-2-webkit\test-finished-1.png]]
]]>
</system-out>
</testcase>
<testcase name="Swag Labs Login Validations › Invalid credentials login 3" classname="login.test.spec.js" time="2.306">
<system-out>
<![CDATA[Epic sadface: Username and password do not match any user in this service

[[ATTACHMENT|test-results\login.test-Swag-Labs-Login-49ef9-Invalid-credentials-login-3-webkit\test-finished-1.png]]
]]>
</system-out>
</testcase>
<testcase name="Swag Labs Login Validations › Empty username Login 3" classname="login.test.spec.js" time="2.323">
<system-out>
<![CDATA[Epic sadface: Username is required

[[ATTACHMENT|test-results\login.test-Swag-Labs-Login-08c8e-ions-Empty-username-Login-3-webkit\test-finished-1.png]]
]]>
</system-out>
</testcase>
<testcase name="Swag Labs Login Validations › Empty password Login 3" classname="login.test.spec.js" time="2.459">
<system-out>
<![CDATA[Epic sadface: Password is required

[[ATTACHMENT|test-results\login.test-Swag-Labs-Login-6892f-ions-Empty-password-Login-3-webkit\test-finished-1.png]]
]]>
</system-out>
</testcase>
</testsuite>
<testsuite name="logout.test.spec.js" timestamp="2024-12-09T08:48:56.296Z" hostname="webkit" tests="1" failures="0" skipped="0" time="4.05" errors="0">
<testcase name="Swag Labs Logout Validations › LogoutTest" classname="logout.test.spec.js" time="4.05">
<system-out>
<![CDATA[
[[ATTACHMENT|test-results\logout.test-Swag-Labs-Logout-Validations-LogoutTest-webkit\test-finished-1.png]]
]]>
</system-out>
</testcase>
</testsuite>
<testsuite name="product.test.spec.js" timestamp="2024-12-09T08:48:56.296Z" hostname="webkit" tests="4" failures="0" skipped="0" time="14.023" errors="0">
<testcase name="Swag Labs Sort Product Validations › Sort product A to Z" classname="product.test.spec.js" time="4.008">
<system-out>
<![CDATA[
[[ATTACHMENT|test-results\product.test-Swag-Labs-Sor-b09ef-dations-Sort-product-A-to-Z-webkit\test-finished-1.png]]
]]>
</system-out>
</testcase>
<testcase name="Swag Labs Sort Product Validations › Sort product Z to A" classname="product.test.spec.js" time="4.415">
<system-out>
<![CDATA[
[[ATTACHMENT|test-results\product.test-Swag-Labs-Sor-11001-dations-Sort-product-Z-to-A-webkit\test-finished-1.png]]
]]>
</system-out>
</testcase>
<testcase name="Swag Labs Sort Product Validations › Sort product high to Low" classname="product.test.spec.js" time="3.003">
<system-out>
<![CDATA[
[[ATTACHMENT|test-results\product.test-Swag-Labs-Sor-b660e-ns-Sort-product-high-to-Low-webkit\test-finished-1.png]]
]]>
</system-out>
</testcase>
<testcase name="Swag Labs Sort Product Validations › Sort product Low to High" classname="product.test.spec.js" time="2.597">
<system-out>
<![CDATA[
[[ATTACHMENT|test-results\product.test-Swag-Labs-Sor-87443-ns-Sort-product-Low-to-High-webkit\test-finished-1.png]]
]]>
</system-out>
</testcase>
</testsuite>
<testsuite name="visual.test.spec.js" timestamp="2024-12-09T08:48:56.296Z" hostname="webkit" tests="2" failures="0" skipped="0" time="12.675" errors="0">
<testcase name="Swag Labs Images Validations › Products Page" classname="visual.test.spec.js" time="7.078">
<system-out>
<![CDATA[
[[ATTACHMENT|test-results\visual.test-Swag-Labs-Images-Validations-Products-Page-webkit\test-finished-1.png]]
]]>
</system-out>
</testcase>
<testcase name="Swag Labs Images Validations › Cart Page" classname="visual.test.spec.js" time="5.597">
<system-out>
<![CDATA[
[[ATTACHMENT|test-results\visual.test-Swag-Labs-Images-Validations-Cart-Page-webkit\test-finished-1.png]]
]]>
</system-out>
</testcase>
</testsuite>
<testsuite name="cart.test.spec.js" timestamp="2024-12-09T08:48:56.296Z" hostname="firefox" tests="3" failures="0" skipped="0" time="18.684" errors="0">
<testcase name="Swag Labs Cart Validations › Add single product to cart" classname="cart.test.spec.js" time="7.389">
<system-out>
<![CDATA[
[[ATTACHMENT|test-results\cart.test-Swag-Labs-Cart-V-99fe8--Add-single-product-to-cart-firefox\test-finished-1.png]]
]]>
</system-out>
</testcase>
<testcase name="Swag Labs Cart Validations › Remove single product from cart" classname="cart.test.spec.js" time="4.934">
<system-out>
<![CDATA[
[[ATTACHMENT|test-results\cart.test-Swag-Labs-Cart-V-1a2a2-ve-single-product-from-cart-firefox\test-finished-1.png]]
]]>
</system-out>
</testcase>
<testcase name="Swag Labs Cart Validations › Add all products to cart and verify total items in cart page" classname="cart.test.spec.js" time="6.361">
<system-out>
<![CDATA[locator('.cart_item')

[[ATTACHMENT|test-results\cart.test-Swag-Labs-Cart-V-6342e-fy-total-items-in-cart-page-firefox\test-finished-1.png]]
]]>
</system-out>
</testcase>
</testsuite>
<testsuite name="checkout.test.spec.js" timestamp="2024-12-09T08:48:56.296Z" hostname="firefox" tests="6" failures="0" skipped="0" time="37.013" errors="0">
<testcase name="Swag Labs Checkout Product Validations › Checkout product end to end validations for Sauce Labs Backpack item" classname="checkout.test.spec.js" time="11.29">
<system-out>
<![CDATA[
[[ATTACHMENT|test-results\checkout.test-Swag-Labs-Ch-12aea-or-Sauce-Labs-Backpack-item-firefox\test-finished-1.png]]
]]>
</system-out>
</testcase>
<testcase name="Swag Labs Checkout Product Validations › Checkout product end to end validations for Sauce Labs Bike Light item" classname="checkout.test.spec.js" time="5.577">
<system-out>
<![CDATA[
[[ATTACHMENT|test-results\checkout.test-Swag-Labs-Ch-9346c--Sauce-Labs-Bike-Light-item-firefox\test-finished-1.png]]
]]>
</system-out>
</testcase>
<testcase name="Swag Labs Checkout Product Validations › Checkout product end to end validations for Sauce Labs Bolt T-Shirt item" classname="checkout.test.spec.js" time="4.82">
<system-out>
<![CDATA[
[[ATTACHMENT|test-results\checkout.test-Swag-Labs-Ch-f4aa6-auce-Labs-Bolt-T-Shirt-item-firefox\test-finished-1.png]]
]]>
</system-out>
</testcase>
<testcase name="Swag Labs Checkout Product Validations › Checkout product end to end validations for Sauce Labs Fleece Jacket item" classname="checkout.test.spec.js" time="4.996">
<system-out>
<![CDATA[
[[ATTACHMENT|test-results\checkout.test-Swag-Labs-Ch-b10e4-uce-Labs-Fleece-Jacket-item-firefox\test-finished-1.png]]
]]>
</system-out>
</testcase>
<testcase name="Swag Labs Checkout Product Validations › Checkout product end to end validations for Sauce Labs Onesie item" classname="checkout.test.spec.js" time="5.112">
<system-out>
<![CDATA[
[[ATTACHMENT|test-results\checkout.test-Swag-Labs-Ch-bbe0a--for-Sauce-Labs-Onesie-item-firefox\test-finished-1.png]]
]]>
</system-out>
</testcase>
<testcase name="Swag Labs Checkout Product Validations › Checkout product end to end validations for Test.allTheThings() T-Shirt (Red) item" classname="checkout.test.spec.js" time="5.218">
<system-out>
<![CDATA[
[[ATTACHMENT|test-results\checkout.test-Swag-Labs-Ch-d0e56-lTheThings-T-Shirt-Red-item-firefox\test-finished-1.png]]
]]>
</system-out>
</testcase>
</testsuite>
<testsuite name="login.test.spec.js" timestamp="2024-12-09T08:48:56.296Z" hostname="firefox" tests="11" failures="0" skipped="0" time="42.37" errors="0">
<testcase name="Swag Labs Login Validations › Valid Login 1" classname="login.test.spec.js" time="5.56">
<system-out>
<![CDATA[
[[ATTACHMENT|test-results\login.test-Swag-Labs-Login-Validations-Valid-Login-1-firefox\test-finished-1.png]]
]]>
</system-out>
</testcase>
<testcase name="Swag Labs Login Validations › Valid Login 2" classname="login.test.spec.js" time="7.69">
<system-out>
<![CDATA[
[[ATTACHMENT|test-results\login.test-Swag-Labs-Login-Validations-Valid-Login-2-firefox\test-finished-1.png]]
]]>
</system-out>
</testcase>
<testcase name="Swag Labs Login Validations › Invalid credentials login 1" classname="login.test.spec.js" time="4.586">
<system-out>
<![CDATA[Epic sadface: Username and password do not match any user in this service

[[ATTACHMENT|test-results\login.test-Swag-Labs-Login-e3f0f-Invalid-credentials-login-1-firefox\test-finished-1.png]]
]]>
</system-out>
</testcase>
<testcase name="Swag Labs Login Validations › Empty username Login 1" classname="login.test.spec.js" time="3.64">
<system-out>
<![CDATA[Epic sadface: Username is required

[[ATTACHMENT|test-results\login.test-Swag-Labs-Login-b0fa8-ions-Empty-username-Login-1-firefox\test-finished-1.png]]
]]>
</system-out>
</testcase>
<testcase name="Swag Labs Login Validations › Empty password Login 1" classname="login.test.spec.js" time="3.467">
<system-out>
<![CDATA[Epic sadface: Password is required

[[ATTACHMENT|test-results\login.test-Swag-Labs-Login-caca8-ions-Empty-password-Login-1-firefox\test-finished-1.png]]
]]>
</system-out>
</testcase>
<testcase name="Swag Labs Login Validations › Invalid credentials login 2" classname="login.test.spec.js" time="3.265">
<system-out>
<![CDATA[Epic sadface: Username and password do not match any user in this service

[[ATTACHMENT|test-results\login.test-Swag-Labs-Login-d0f58-Invalid-credentials-login-2-firefox\test-finished-1.png]]
]]>
</system-out>
</testcase>
<testcase name="Swag Labs Login Validations › Empty username Login 2" classname="login.test.spec.js" time="2.681">
<system-out>
<![CDATA[Epic sadface: Username is required

[[ATTACHMENT|test-results\login.test-Swag-Labs-Login-1c632-ions-Empty-username-Login-2-firefox\test-finished-1.png]]
]]>
</system-out>
</testcase>
<testcase name="Swag Labs Login Validations › Empty password Login 2" classname="login.test.spec.js" time="3.071">
<system-out>
<![CDATA[Epic sadface: Password is required

[[ATTACHMENT|test-results\login.test-Swag-Labs-Login-b03de-ions-Empty-password-Login-2-firefox\test-finished-1.png]]
]]>
</system-out>
</testcase>
<testcase name="Swag Labs Login Validations › Invalid credentials login 3" classname="login.test.spec.js" time="2.789">
<system-out>
<![CDATA[Epic sadface: Username and password do not match any user in this service

[[ATTACHMENT|test-results\login.test-Swag-Labs-Login-49ef9-Invalid-credentials-login-3-firefox\test-finished-1.png]]
]]>
</system-out>
</testcase>
<testcase name="Swag Labs Login Validations › Empty username Login 3" classname="login.test.spec.js" time="2.85">
<system-out>
<![CDATA[Epic sadface: Username is required

[[ATTACHMENT|test-results\login.test-Swag-Labs-Login-08c8e-ions-Empty-username-Login-3-firefox\test-finished-1.png]]
]]>
</system-out>
</testcase>
<testcase name="Swag Labs Login Validations › Empty password Login 3" classname="login.test.spec.js" time="2.771">
<system-out>
<![CDATA[Epic sadface: Password is required

[[ATTACHMENT|test-results\login.test-Swag-Labs-Login-6892f-ions-Empty-password-Login-3-firefox\test-finished-1.png]]
]]>
</system-out>
</testcase>
</testsuite>
<testsuite name="logout.test.spec.js" timestamp="2024-12-09T08:48:56.296Z" hostname="firefox" tests="1" failures="0" skipped="0" time="5.221" errors="0">
<testcase name="Swag Labs Logout Validations › LogoutTest" classname="logout.test.spec.js" time="5.221">
<system-out>
<![CDATA[
[[ATTACHMENT|test-results\logout.test-Swag-Labs-Logout-Validations-LogoutTest-firefox\test-finished-1.png]]
]]>
</system-out>
</testcase>
</testsuite>
<testsuite name="product.test.spec.js" timestamp="2024-12-09T08:48:56.296Z" hostname="firefox" tests="4" failures="0" skipped="0" time="19.313" errors="0">
<testcase name="Swag Labs Sort Product Validations › Sort product A to Z" classname="product.test.spec.js" time="3.468">
<system-out>
<![CDATA[
[[ATTACHMENT|test-results\product.test-Swag-Labs-Sor-b09ef-dations-Sort-product-A-to-Z-firefox\test-finished-1.png]]
]]>
</system-out>
</testcase>
<testcase name="Swag Labs Sort Product Validations › Sort product Z to A" classname="product.test.spec.js" time="4.502">
<system-out>
<![CDATA[
[[ATTACHMENT|test-results\product.test-Swag-Labs-Sor-11001-dations-Sort-product-Z-to-A-firefox\test-finished-1.png]]
]]>
</system-out>
</testcase>
<testcase name="Swag Labs Sort Product Validations › Sort product high to Low" classname="product.test.spec.js" time="6.124">
<system-out>
<![CDATA[
[[ATTACHMENT|test-results\product.test-Swag-Labs-Sor-b660e-ns-Sort-product-high-to-Low-firefox\test-finished-1.png]]
]]>
</system-out>
</testcase>
<testcase name="Swag Labs Sort Product Validations › Sort product Low to High" classname="product.test.spec.js" time="5.219">
<system-out>
<![CDATA[
[[ATTACHMENT|test-results\product.test-Swag-Labs-Sor-87443-ns-Sort-product-Low-to-High-firefox\test-finished-1.png]]
]]>
</system-out>
</testcase>
</testsuite>
<testsuite name="visual.test.spec.js" timestamp="2024-12-09T08:48:56.296Z" hostname="firefox" tests="2" failures="0" skipped="0" time="17.493" errors="0">
<testcase name="Swag Labs Images Validations › Products Page" classname="visual.test.spec.js" time="9.744">
<system-out>
<![CDATA[
[[ATTACHMENT|test-results\visual.test-Swag-Labs-Images-Validations-Products-Page-firefox\test-finished-1.png]]
]]>
</system-out>
</testcase>
<testcase name="Swag Labs Images Validations › Cart Page" classname="visual.test.spec.js" time="7.749">
<system-out>
<![CDATA[
[[ATTACHMENT|test-results\visual.test-Swag-Labs-Images-Validations-Cart-Page-firefox\test-finished-1.png]]
]]>
</system-out>
</testcase>
</testsuite>
<testsuite name="cart.test.spec.js" timestamp="2024-12-09T08:48:56.296Z" hostname="chromium" tests="3" failures="0" skipped="0" time="7.488" errors="0">
<testcase name="Swag Labs Cart Validations › Add single product to cart" classname="cart.test.spec.js" time="2.238">
<system-out>
<![CDATA[
[[ATTACHMENT|test-results\cart.test-Swag-Labs-Cart-V-99fe8--Add-single-product-to-cart-chromium\test-finished-1.png]]
]]>
</system-out>
</testcase>
<testcase name="Swag Labs Cart Validations › Remove single product from cart" classname="cart.test.spec.js" time="2.127">
<system-out>
<![CDATA[
[[ATTACHMENT|test-results\cart.test-Swag-Labs-Cart-V-1a2a2-ve-single-product-from-cart-chromium\test-finished-1.png]]
]]>
</system-out>
</testcase>
<testcase name="Swag Labs Cart Validations › Add all products to cart and verify total items in cart page" classname="cart.test.spec.js" time="3.123">
<system-out>
<![CDATA[locator('.cart_item')

[[ATTACHMENT|test-results\cart.test-Swag-Labs-Cart-V-6342e-fy-total-items-in-cart-page-chromium\test-finished-1.png]]
]]>
</system-out>
</testcase>
</testsuite>
<testsuite name="checkout.test.spec.js" timestamp="2024-12-09T08:48:56.296Z" hostname="chromium" tests="6" failures="0" skipped="0" time="17.595" errors="0">
<testcase name="Swag Labs Checkout Product Validations › Checkout product end to end validations for Sauce Labs Backpack item" classname="checkout.test.spec.js" time="3.01">
<system-out>
<![CDATA[
[[ATTACHMENT|test-results\checkout.test-Swag-Labs-Ch-12aea-or-Sauce-Labs-Backpack-item-chromium\test-finished-1.png]]
]]>
</system-out>
</testcase>
<testcase name="Swag Labs Checkout Product Validations › Checkout product end to end validations for Sauce Labs Bike Light item" classname="checkout.test.spec.js" time="2.455">
<system-out>
<![CDATA[
[[ATTACHMENT|test-results\checkout.test-Swag-Labs-Ch-9346c--Sauce-Labs-Bike-Light-item-chromium\test-finished-1.png]]
]]>
</system-out>
</testcase>
<testcase name="Swag Labs Checkout Product Validations › Checkout product end to end validations for Sauce Labs Bolt T-Shirt item" classname="checkout.test.spec.js" time="2.798">
<system-out>
<![CDATA[
[[ATTACHMENT|test-results\checkout.test-Swag-Labs-Ch-f4aa6-auce-Labs-Bolt-T-Shirt-item-chromium\test-finished-1.png]]
]]>
</system-out>
</testcase>
<testcase name="Swag Labs Checkout Product Validations › Checkout product end to end validations for Sauce Labs Fleece Jacket item" classname="checkout.test.spec.js" time="2.576">
<system-out>
<![CDATA[
[[ATTACHMENT|test-results\checkout.test-Swag-Labs-Ch-b10e4-uce-Labs-Fleece-Jacket-item-chromium\test-finished-1.png]]
]]>
</system-out>
</testcase>
<testcase name="Swag Labs Checkout Product Validations › Checkout product end to end validations for Sauce Labs Onesie item" classname="checkout.test.spec.js" time="3.343">
<system-out>
<![CDATA[
[[ATTACHMENT|test-results\checkout.test-Swag-Labs-Ch-bbe0a--for-Sauce-Labs-Onesie-item-chromium\test-finished-1.png]]
]]>
</system-out>
</testcase>
<testcase name="Swag Labs Checkout Product Validations › Checkout product end to end validations for Test.allTheThings() T-Shirt (Red) item" classname="checkout.test.spec.js" time="3.413">
<system-out>
<![CDATA[
[[ATTACHMENT|test-results\checkout.test-Swag-Labs-Ch-d0e56-lTheThings-T-Shirt-Red-item-chromium\test-finished-1.png]]
]]>
</system-out>
</testcase>
</testsuite>
<testsuite name="login.test.spec.js" timestamp="2024-12-09T08:48:56.296Z" hostname="chromium" tests="11" failures="0" skipped="0" time="32.055" errors="0">
<testcase name="Swag Labs Login Validations › Valid Login 1" classname="login.test.spec.js" time="8.895">
<system-out>
<![CDATA[
[[ATTACHMENT|test-results\login.test-Swag-Labs-Login-Validations-Valid-Login-1-chromium\test-finished-1.png]]
]]>
</system-out>
</testcase>
<testcase name="Swag Labs Login Validations › Valid Login 2" classname="login.test.spec.js" time="2.233">
<system-out>
<![CDATA[
[[ATTACHMENT|test-results\login.test-Swag-Labs-Login-Validations-Valid-Login-2-chromium\test-finished-1.png]]
]]>
</system-out>
</testcase>
<testcase name="Swag Labs Login Validations › Invalid credentials login 1" classname="login.test.spec.js" time="3.081">
<system-out>
<![CDATA[Epic sadface: Username and password do not match any user in this service

[[ATTACHMENT|test-results\login.test-Swag-Labs-Login-e3f0f-Invalid-credentials-login-1-chromium\test-finished-1.png]]
]]>
</system-out>
</testcase>
<testcase name="Swag Labs Login Validations › Empty username Login 1" classname="login.test.spec.js" time="4.855">
<system-out>
<![CDATA[Epic sadface: Username is required

[[ATTACHMENT|test-results\login.test-Swag-Labs-Login-b0fa8-ions-Empty-username-Login-1-chromium\test-finished-1.png]]
]]>
</system-out>
</testcase>
<testcase name="Swag Labs Login Validations › Empty password Login 1" classname="login.test.spec.js" time="3.361">
<system-out>
<![CDATA[Epic sadface: Password is required

[[ATTACHMENT|test-results\login.test-Swag-Labs-Login-caca8-ions-Empty-password-Login-1-chromium\test-finished-1.png]]
]]>
</system-out>
</testcase>
<testcase name="Swag Labs Login Validations › Invalid credentials login 2" classname="login.test.spec.js" time="1.815">
<system-out>
<![CDATA[Epic sadface: Username and password do not match any user in this service

[[ATTACHMENT|test-results\login.test-Swag-Labs-Login-d0f58-Invalid-credentials-login-2-chromium\test-finished-1.png]]
]]>
</system-out>
</testcase>
<testcase name="Swag Labs Login Validations › Empty username Login 2" classname="login.test.spec.js" time="1.53">
<system-out>
<![CDATA[Epic sadface: Username is required

[[ATTACHMENT|test-results\login.test-Swag-Labs-Login-1c632-ions-Empty-username-Login-2-chromium\test-finished-1.png]]
]]>
</system-out>
</testcase>
<testcase name="Swag Labs Login Validations › Empty password Login 2" classname="login.test.spec.js" time="1.476">
<system-out>
<![CDATA[Epic sadface: Password is required

[[ATTACHMENT|test-results\login.test-Swag-Labs-Login-b03de-ions-Empty-password-Login-2-chromium\test-finished-1.png]]
]]>
</system-out>
</testcase>
<testcase name="Swag Labs Login Validations › Invalid credentials login 3" classname="login.test.spec.js" time="1.637">
<system-out>
<![CDATA[Epic sadface: Username and password do not match any user in this service

[[ATTACHMENT|test-results\login.test-Swag-Labs-Login-49ef9-Invalid-credentials-login-3-chromium\test-finished-1.png]]
]]>
</system-out>
</testcase>
<testcase name="Swag Labs Login Validations › Empty username Login 3" classname="login.test.spec.js" time="1.547">
<system-out>
<![CDATA[Epic sadface: Username is required

[[ATTACHMENT|test-results\login.test-Swag-Labs-Login-08c8e-ions-Empty-username-Login-3-chromium\test-finished-1.png]]
]]>
</system-out>
</testcase>
<testcase name="Swag Labs Login Validations › Empty password Login 3" classname="login.test.spec.js" time="1.625">
<system-out>
<![CDATA[Epic sadface: Password is required

[[ATTACHMENT|test-results\login.test-Swag-Labs-Login-6892f-ions-Empty-password-Login-3-chromium\test-finished-1.png]]
]]>
</system-out>
</testcase>
</testsuite>
<testsuite name="logout.test.spec.js" timestamp="2024-12-09T08:48:56.296Z" hostname="chromium" tests="1" failures="0" skipped="0" time="2.911" errors="0">
<testcase name="Swag Labs Logout Validations › LogoutTest" classname="logout.test.spec.js" time="2.911">
<system-out>
<![CDATA[
[[ATTACHMENT|test-results\logout.test-Swag-Labs-Logout-Validations-LogoutTest-chromium\test-finished-1.png]]
]]>
</system-out>
</testcase>
</testsuite>
<testsuite name="product.test.spec.js" timestamp="2024-12-09T08:48:56.296Z" hostname="chromium" tests="4" failures="0" skipped="0" time="7.925" errors="0">
<testcase name="Swag Labs Sort Product Validations › Sort product A to Z" classname="product.test.spec.js" time="2.167">
<system-out>
<![CDATA[
[[ATTACHMENT|test-results\product.test-Swag-Labs-Sor-b09ef-dations-Sort-product-A-to-Z-chromium\test-finished-1.png]]
]]>
</system-out>
</testcase>
<testcase name="Swag Labs Sort Product Validations › Sort product Z to A" classname="product.test.spec.js" time="1.674">
<system-out>
<![CDATA[
[[ATTACHMENT|test-results\product.test-Swag-Labs-Sor-11001-dations-Sort-product-Z-to-A-chromium\test-finished-1.png]]
]]>
</system-out>
</testcase>
<testcase name="Swag Labs Sort Product Validations › Sort product high to Low" classname="product.test.spec.js" time="1.867">
<system-out>
<![CDATA[
[[ATTACHMENT|test-results\product.test-Swag-Labs-Sor-b660e-ns-Sort-product-high-to-Low-chromium\test-finished-1.png]]
]]>
</system-out>
</testcase>
<testcase name="Swag Labs Sort Product Validations › Sort product Low to High" classname="product.test.spec.js" time="2.217">
<system-out>
<![CDATA[
[[ATTACHMENT|test-results\product.test-Swag-Labs-Sor-87443-ns-Sort-product-Low-to-High-chromium\test-finished-1.png]]
]]>
</system-out>
</testcase>
</testsuite>
<testsuite name="visual.test.spec.js" timestamp="2024-12-09T08:48:56.296Z" hostname="chromium" tests="2" failures="0" skipped="0" time="9.504" errors="0">
<testcase name="Swag Labs Images Validations › Products Page" classname="visual.test.spec.js" time="4.872">
<system-out>
<![CDATA[
[[ATTACHMENT|test-results\visual.test-Swag-Labs-Images-Validations-Products-Page-chromium\test-finished-1.png]]
]]>
</system-out>
</testcase>
<testcase name="Swag Labs Images Validations › Cart Page" classname="visual.test.spec.js" time="4.632">
<system-out>
<![CDATA[
[[ATTACHMENT|test-results\visual.test-Swag-Labs-Images-Validations-Cart-Page-chromium\test-finished-1.png]]
]]>
</system-out>
</testcase>
</testsuite>
</testsuites>